// Vitest Snapshot v1, https://vitest.dev/guide/snapshot.html

exports[`h3 > 0.3.3 1`] = `
{
  "declarations": {
    "classes": [
      {
        "constructors": [],
        "docs": [
          "/**
 * H3 Runtime Error
 * @class
 * @extends Error
 * @property {Number} statusCode An Integer indicating the HTTP response status code.
 * @property {String} statusMessage A String representing the HTTP status message
 * @property {Any} data An extra data that will includes in the response.<br>
 *  This can be used to pass additional information about the error.
 * @property {Boolean} internal Setting this property to <code>true</code> will mark error as an internal error
 */",
        ],
        "id": "H3Error",
        "isAbstract": false,
        "kind": "ClassDeclaration",
        "members": {
          "methods": [],
          "properties": [
            {
              "docs": [],
              "id": "H3Error.data",
              "isStatic": false,
              "kind": "ClassPropertyDeclaration",
              "name": "data",
              "signature": "data?: any;",
              "source": {
                "filename": "dist/index.d.ts",
                "line": 64,
                "unpkgURL": "https://unpkg.com/browse/h3@0.3.3/dist/index.d.ts#L64",
                "url": "https://github.com/unjs/h3/tree/e4975dce995219529b7afa6ae3e67c2a4a4e84ba/dist/index.d.ts#L64",
              },
              "type": "any",
            },
            {
              "docs": [],
              "id": "H3Error.statusCode",
              "isStatic": false,
              "kind": "ClassPropertyDeclaration",
              "name": "statusCode",
              "signature": "statusCode: number;",
              "source": {
                "filename": "dist/index.d.ts",
                "line": 62,
                "unpkgURL": "https://unpkg.com/browse/h3@0.3.3/dist/index.d.ts#L62",
                "url": "https://github.com/unjs/h3/tree/e4975dce995219529b7afa6ae3e67c2a4a4e84ba/dist/index.d.ts#L62",
              },
              "type": "number",
            },
            {
              "docs": [],
              "id": "H3Error.statusMessage",
              "isStatic": false,
              "kind": "ClassPropertyDeclaration",
              "name": "statusMessage",
              "signature": "statusMessage: string;",
              "source": {
                "filename": "dist/index.d.ts",
                "line": 63,
                "unpkgURL": "https://unpkg.com/browse/h3@0.3.3/dist/index.d.ts#L63",
                "url": "https://github.com/unjs/h3/tree/e4975dce995219529b7afa6ae3e67c2a4a4e84ba/dist/index.d.ts#L63",
              },
              "type": "string",
            },
          ],
        },
        "name": "H3Error",
        "signature": "class H3Error extends Error {}",
        "source": {
          "filename": "dist/index.d.ts",
          "line": 61,
          "unpkgURL": "https://unpkg.com/browse/h3@0.3.3/dist/index.d.ts#L61",
          "url": "https://github.com/unjs/h3/tree/e4975dce995219529b7afa6ae3e67c2a4a4e84ba/dist/index.d.ts#L61",
        },
      },
    ],
    "enums": [],
    "functions": [
      {
        "docs": [],
        "id": "appendHeader",
        "kind": "FunctionDeclaration",
        "name": "appendHeader",
        "signature": "appendHeader: (res: ServerResponse, name: string, value: string) => void;",
        "source": {
          "filename": "dist/index.d.ts",
          "line": 233,
          "unpkgURL": "https://unpkg.com/browse/h3@0.3.3/dist/index.d.ts#L233",
          "url": "https://github.com/unjs/h3/tree/e4975dce995219529b7afa6ae3e67c2a4a4e84ba/dist/index.d.ts#L233",
        },
        "type": "(res: ServerResponse, name: string, value: string) => void",
      },
      {
        "docs": [],
        "id": "callHandle",
        "kind": "FunctionDeclaration",
        "name": "callHandle",
        "signature": "callHandle: (
    handle: Middleware,
    req: IncomingMessage,
    res: ServerResponse
) => Promise<unknown>;",
        "source": {
          "filename": "dist/index.d.ts",
          "line": 11,
          "unpkgURL": "https://unpkg.com/browse/h3@0.3.3/dist/index.d.ts#L11",
          "url": "https://github.com/unjs/h3/tree/e4975dce995219529b7afa6ae3e67c2a4a4e84ba/dist/index.d.ts#L11",
        },
        "type": "(handle: Middleware, req: IncomingMessage, res: ServerResponse) => Promise<unknown>",
      },
      {
        "docs": [],
        "id": "createApp",
        "kind": "FunctionDeclaration",
        "name": "createApp",
        "signature": "createApp: (options?: AppOptions) => App;",
        "source": {
          "filename": "dist/index.d.ts",
          "line": 47,
          "unpkgURL": "https://unpkg.com/browse/h3@0.3.3/dist/index.d.ts#L47",
          "url": "https://github.com/unjs/h3/tree/e4975dce995219529b7afa6ae3e67c2a4a4e84ba/dist/index.d.ts#L47",
        },
        "type": "(options?: AppOptions) => App",
      },
      {
        "docs": [
          "/**
 * Creates new \`Error\` that can be used to handle both internal and runtime errors.
 *
 * @param input {Partial<H3Error>}
 * @return {H3Error} An instance of the H3Error
 */",
        ],
        "id": "createError",
        "kind": "FunctionDeclaration",
        "name": "createError",
        "signature": "createError: (input: Partial<H3Error>) => H3Error;",
        "source": {
          "filename": "dist/index.d.ts",
          "line": 72,
          "unpkgURL": "https://unpkg.com/browse/h3@0.3.3/dist/index.d.ts#L72",
          "url": "https://github.com/unjs/h3/tree/e4975dce995219529b7afa6ae3e67c2a4a4e84ba/dist/index.d.ts#L72",
        },
        "type": "(input: Partial<H3Error>) => H3Error",
      },
      {
        "docs": [],
        "id": "createHandle",
        "kind": "FunctionDeclaration",
        "name": "createHandle",
        "signature": "createHandle: (stack: Stack, options: AppOptions) => PHandle;",
        "source": {
          "filename": "dist/index.d.ts",
          "line": 49,
          "unpkgURL": "https://unpkg.com/browse/h3@0.3.3/dist/index.d.ts#L49",
          "url": "https://github.com/unjs/h3/tree/e4975dce995219529b7afa6ae3e67c2a4a4e84ba/dist/index.d.ts#L49",
        },
        "type": "(stack: Stack, options: AppOptions) => PHandle",
      },
      {
        "docs": [],
        "id": "defaultContentType",
        "kind": "FunctionDeclaration",
        "name": "defaultContentType",
        "signature": "defaultContentType: (res: ServerResponse, type?: string) => void;",
        "source": {
          "filename": "dist/index.d.ts",
          "line": 231,
          "unpkgURL": "https://unpkg.com/browse/h3@0.3.3/dist/index.d.ts#L231",
          "url": "https://github.com/unjs/h3/tree/e4975dce995219529b7afa6ae3e67c2a4a4e84ba/dist/index.d.ts#L231",
        },
        "type": "(res: ServerResponse, type?: string) => void",
      },
      {
        "docs": [],
        "id": "lazyHandle",
        "kind": "FunctionDeclaration",
        "name": "lazyHandle",
        "signature": "lazyHandle: (handle: LazyHandle, promisify?: boolean) => PHandle;",
        "source": {
          "filename": "dist/index.d.ts",
          "line": 12,
          "unpkgURL": "https://unpkg.com/browse/h3@0.3.3/dist/index.d.ts#L12",
          "url": "https://github.com/unjs/h3/tree/e4975dce995219529b7afa6ae3e67c2a4a4e84ba/dist/index.d.ts#L12",
        },
        "type": "(handle: LazyHandle, promisify?: boolean) => PHandle",
      },
      {
        "docs": [],
        "id": "promisifyHandle",
        "kind": "FunctionDeclaration",
        "name": "promisifyHandle",
        "signature": "promisifyHandle: (handle: Handle | Middleware) => PHandle;",
        "source": {
          "filename": "dist/index.d.ts",
          "line": 10,
          "unpkgURL": "https://unpkg.com/browse/h3@0.3.3/dist/index.d.ts#L10",
          "url": "https://github.com/unjs/h3/tree/e4975dce995219529b7afa6ae3e67c2a4a4e84ba/dist/index.d.ts#L10",
        },
        "type": "(handle: Handle | Middleware) => PHandle",
      },
      {
        "docs": [],
        "id": "send",
        "kind": "FunctionDeclaration",
        "name": "send",
        "signature": "send: (res: ServerResponse, data: any, type?: string) => Promise<unknown>;",
        "source": {
          "filename": "dist/index.d.ts",
          "line": 230,
          "unpkgURL": "https://unpkg.com/browse/h3@0.3.3/dist/index.d.ts#L230",
          "url": "https://github.com/unjs/h3/tree/e4975dce995219529b7afa6ae3e67c2a4a4e84ba/dist/index.d.ts#L230",
        },
        "type": "(res: ServerResponse, data: any, type?: string) => Promise<unknown>",
      },
      {
        "docs": [
          "/**
 * Recieve an error and return the corresponding response.<br>
 *  H3 internally uses this fucntion to handle unhandled errors.<br>
 *  Note that calling this function will close the connection and no other data will be sent to client afterwards.
 *
 * @param res {ServerResponse} The ServerResponse object is passed as the second parameter in the handler function
 * @param error {H3Error|Error} Raised error
 * @param debug {Boolean} Whether application is in debug mode.<br>
 *  In the debug mode the stack trace of errors will be return in response.
 */",
        ],
        "id": "sendError",
        "kind": "FunctionDeclaration",
        "name": "sendError",
        "signature": "sendError: (
    res: ServerResponse,
    error: Error | H3Error,
    debug?: boolean
) => void;",
        "source": {
          "filename": "dist/index.d.ts",
          "line": 83,
          "unpkgURL": "https://unpkg.com/browse/h3@0.3.3/dist/index.d.ts#L83",
          "url": "https://github.com/unjs/h3/tree/e4975dce995219529b7afa6ae3e67c2a4a4e84ba/dist/index.d.ts#L83",
        },
        "type": "(res: ServerResponse, error: Error | H3Error, debug?: boolean) => void",
      },
      {
        "docs": [],
        "id": "sendRedirect",
        "kind": "FunctionDeclaration",
        "name": "sendRedirect",
        "signature": "sendRedirect: (
    res: ServerResponse,
    location: string,
    code?: number
) => Promise<unknown>;",
        "source": {
          "filename": "dist/index.d.ts",
          "line": 232,
          "unpkgURL": "https://unpkg.com/browse/h3@0.3.3/dist/index.d.ts#L232",
          "url": "https://github.com/unjs/h3/tree/e4975dce995219529b7afa6ae3e67c2a4a4e84ba/dist/index.d.ts#L232",
        },
        "type": "(res: ServerResponse, location: string, code?: number) => Promise<unknown>",
      },
      {
        "docs": [
          "/**
 * Set a cookie value by name.
 * @param res {ServerResponse} A ServerResponse object created by [http.Server](https://nodejs.org/api/http.html#http_class_http_server)
 * @param name Name of the cookie to set
 * @param value Value of the cookie to set
 * @param serializeOptions {CookieSerializeOptions} Options for serializing the cookie
 * \`\`\`ts
 * setCookie(res, 'Authorization', '1234567')
 * \`\`\`
 */",
        ],
        "id": "setCookie",
        "kind": "FunctionDeclaration",
        "name": "setCookie",
        "signature": "setCookie: (
    res: ServerResponse,
    name: string,
    value: string,
    serializeOptions?: CookieSerializeOptions
) => void;",
        "source": {
          "filename": "dist/index.d.ts",
          "line": 226,
          "unpkgURL": "https://unpkg.com/browse/h3@0.3.3/dist/index.d.ts#L226",
          "url": "https://github.com/unjs/h3/tree/e4975dce995219529b7afa6ae3e67c2a4a4e84ba/dist/index.d.ts#L226",
        },
        "type": "(res: ServerResponse, name: string, value: string, serializeOptions?: CookieSerializeOptions) => void",
      },
      {
        "docs": [],
        "id": "use",
        "kind": "FunctionDeclaration",
        "name": "use",
        "signature": "use: (
    app: App,
    arg1: string | Handle | InputLayer | InputLayer[],
    arg2?: Handle | Partial<InputLayer> | Handle[] | Middleware | Middleware[],
    arg3?: Partial<InputLayer>
) => App;",
        "source": {
          "filename": "dist/index.d.ts",
          "line": 48,
          "unpkgURL": "https://unpkg.com/browse/h3@0.3.3/dist/index.d.ts#L48",
          "url": "https://github.com/unjs/h3/tree/e4975dce995219529b7afa6ae3e67c2a4a4e84ba/dist/index.d.ts#L48",
        },
        "type": "(app: App, arg1: string | Handle | InputLayer | InputLayer[], arg2?: Handle | Partial<InputLayer> | Handle[] | Middleware | Middleware[], arg3?: Partial<InputLayer>) => App",
      },
      {
        "docs": [],
        "id": "useBase",
        "kind": "FunctionDeclaration",
        "name": "useBase",
        "signature": "useBase: (base: string, handle: PHandle) => PHandle;",
        "source": {
          "filename": "dist/index.d.ts",
          "line": 13,
          "unpkgURL": "https://unpkg.com/browse/h3@0.3.3/dist/index.d.ts#L13",
          "url": "https://github.com/unjs/h3/tree/e4975dce995219529b7afa6ae3e67c2a4a4e84ba/dist/index.d.ts#L13",
        },
        "type": "(base: string, handle: PHandle) => PHandle",
      },
      {
        "docs": [
          "/**
 * Reads request body and try to safely parse using [destr](https://github.com/unjs/destr)
 * @param req {IncomingMessage} An IncomingMessage object created by [http.Server](https://nodejs.org/api/http.html#http_class_http_server)
 * @param encoding {Encoding} encoding="utf-8" - The character encoding to use.
 *
 * @return {*} The \`Object\`, \`Array\`, \`String\`, \`Number\`, \`Boolean\`, or \`null\` value corresponding to the request JSON body
 *
 * \`\`\`ts
 * const body = await useBody(req)
 * \`\`\`
 */",
        ],
        "id": "useBody",
        "kind": "FunctionDeclaration",
        "name": "useBody",
        "signature": "useBody: <T = any>(req: IncomingMessage) => Promise<T>;",
        "source": {
          "filename": "dist/index.d.ts",
          "line": 104,
          "unpkgURL": "https://unpkg.com/browse/h3@0.3.3/dist/index.d.ts#L104",
          "url": "https://github.com/unjs/h3/tree/e4975dce995219529b7afa6ae3e67c2a4a4e84ba/dist/index.d.ts#L104",
        },
        "type": "<T = any>(req: IncomingMessage) => Promise<T>",
      },
      {
        "docs": [
          "/**
 * Get a cookie value by name.
 * @param req {IncomingMessage} An IncomingMessage object created by [http.Server](https://nodejs.org/api/http.html#http_class_http_server)
 * @param name Name of the cookie to get
 * @returns {*} Value of the cookie (String or undefined)
 * \`\`\`ts
 * const authorization = useCookie(request, 'Authorization')
 * \`\`\`
 */",
        ],
        "id": "useCookie",
        "kind": "FunctionDeclaration",
        "name": "useCookie",
        "signature": "useCookie: (req: IncomingMessage, name: string) => string | undefined;",
        "source": {
          "filename": "dist/index.d.ts",
          "line": 215,
          "unpkgURL": "https://unpkg.com/browse/h3@0.3.3/dist/index.d.ts#L215",
          "url": "https://github.com/unjs/h3/tree/e4975dce995219529b7afa6ae3e67c2a4a4e84ba/dist/index.d.ts#L215",
        },
        "type": "(req: IncomingMessage, name: string) => string | undefined",
      },
      {
        "docs": [
          "/**
 * Parse the request to get HTTP Cookie header string and returning an object of all cookie name-value pairs.
 * @param req {IncomingMessage} An IncomingMessage object created by [http.Server](https://nodejs.org/api/http.html#http_class_http_server)
 * @returns Object of cookie name-value pairs
 * \`\`\`ts
 * const cookies = useCookies(req)
 * \`\`\`
 */",
        ],
        "id": "useCookies",
        "kind": "FunctionDeclaration",
        "name": "useCookies",
        "signature": "useCookies: (req: IncomingMessage) => Record<string, string>;",
        "source": {
          "filename": "dist/index.d.ts",
          "line": 205,
          "unpkgURL": "https://unpkg.com/browse/h3@0.3.3/dist/index.d.ts#L205",
          "url": "https://github.com/unjs/h3/tree/e4975dce995219529b7afa6ae3e67c2a4a4e84ba/dist/index.d.ts#L205",
        },
        "type": "(req: IncomingMessage) => Record<string, string>",
      },
      {
        "docs": [],
        "id": "useQuery",
        "kind": "FunctionDeclaration",
        "name": "useQuery",
        "signature": "useQuery: (req: IncomingMessage) => ufo.QueryObject;",
        "source": {
          "filename": "dist/index.d.ts",
          "line": 228,
          "unpkgURL": "https://unpkg.com/browse/h3@0.3.3/dist/index.d.ts#L228",
          "url": "https://github.com/unjs/h3/tree/e4975dce995219529b7afa6ae3e67c2a4a4e84ba/dist/index.d.ts#L228",
        },
        "type": "(req: IncomingMessage) => ufo.QueryObject",
      },
      {
        "docs": [
          "/**
 * Reads body of the request and returns encoded raw string (default) or \`Buffer\` if encoding if falsy.
 * @param req {IncomingMessage} An IncomingMessage object is created by [http.Server](https://nodejs.org/api/http.html#http_class_http_server)
 * @param encoding {Encoding} encoding="utf-8" - The character encoding to use.
 *
 * @return {String|Buffer} Encoded raw string or raw Buffer of the body
 */",
        ],
        "id": "useRawBody",
        "kind": "FunctionDeclaration",
        "name": "useRawBody",
        "signature": "useRawBody: (
    req: IncomingMessage,
    encoding?: Encoding
) => Encoding extends false ? Buffer : Promise<string>;",
        "source": {
          "filename": "dist/index.d.ts",
          "line": 92,
          "unpkgURL": "https://unpkg.com/browse/h3@0.3.3/dist/index.d.ts#L92",
          "url": "https://github.com/unjs/h3/tree/e4975dce995219529b7afa6ae3e67c2a4a4e84ba/dist/index.d.ts#L92",
        },
        "type": "(req: IncomingMessage, encoding?: Encoding) => Encoding extends false ? Buffer : Promise<string>",
      },
    ],
    "interfaces": [
      {
        "docs": [],
        "id": "App",
        "kind": "InterfaceDeclaration",
        "members": {
          "callSignatures": [
            {
              "docs": [],
              "id": "App.0-call-signature",
              "kind": "InterfaceCallSignatureDeclaration",
              "name": "call signature",
              "signature": "(req: IncomingMessage, res: ServerResponse): Promise<any>;",
              "source": {
                "filename": "dist/index.d.ts",
                "line": 38,
                "unpkgURL": "https://unpkg.com/browse/h3@0.3.3/dist/index.d.ts#L38",
                "url": "https://github.com/unjs/h3/tree/e4975dce995219529b7afa6ae3e67c2a4a4e84ba/dist/index.d.ts#L38",
              },
            },
          ],
          "constructSignatures": [],
          "indexSignatures": [],
          "methods": [],
          "properties": [
            {
              "docs": [],
              "id": "App.stack",
              "isOptional": false,
              "isReadonly": false,
              "kind": "InterfacePropertyDeclaration",
              "name": "stack",
              "signature": "stack: Stack;",
              "source": {
                "filename": "dist/index.d.ts",
                "line": 39,
                "unpkgURL": "https://unpkg.com/browse/h3@0.3.3/dist/index.d.ts#L39",
                "url": "https://github.com/unjs/h3/tree/e4975dce995219529b7afa6ae3e67c2a4a4e84ba/dist/index.d.ts#L39",
              },
              "type": "Stack",
            },
            {
              "docs": [],
              "id": "App.use",
              "isOptional": false,
              "isReadonly": false,
              "kind": "InterfacePropertyDeclaration",
              "name": "use",
              "signature": "use: AppUse;",
              "source": {
                "filename": "dist/index.d.ts",
                "line": 41,
                "unpkgURL": "https://unpkg.com/browse/h3@0.3.3/dist/index.d.ts#L41",
                "url": "https://github.com/unjs/h3/tree/e4975dce995219529b7afa6ae3e67c2a4a4e84ba/dist/index.d.ts#L41",
              },
              "type": "AppUse",
            },
          ],
        },
        "name": "App",
        "signature": "interface App {}",
        "source": {
          "filename": "dist/index.d.ts",
          "line": 37,
          "unpkgURL": "https://unpkg.com/browse/h3@0.3.3/dist/index.d.ts#L37",
          "url": "https://github.com/unjs/h3/tree/e4975dce995219529b7afa6ae3e67c2a4a4e84ba/dist/index.d.ts#L37",
        },
      },
      {
        "docs": [],
        "id": "AppOptions",
        "kind": "InterfaceDeclaration",
        "members": {
          "callSignatures": [],
          "constructSignatures": [],
          "indexSignatures": [],
          "methods": [],
          "properties": [
            {
              "docs": [],
              "id": "AppOptions.debug",
              "isOptional": true,
              "isReadonly": false,
              "kind": "InterfacePropertyDeclaration",
              "name": "debug",
              "signature": "debug?: boolean;",
              "source": {
                "filename": "dist/index.d.ts",
                "line": 44,
                "unpkgURL": "https://unpkg.com/browse/h3@0.3.3/dist/index.d.ts#L44",
                "url": "https://github.com/unjs/h3/tree/e4975dce995219529b7afa6ae3e67c2a4a4e84ba/dist/index.d.ts#L44",
              },
              "type": "boolean",
            },
            {
              "docs": [],
              "id": "AppOptions.onError",
              "isOptional": true,
              "isReadonly": false,
              "kind": "InterfacePropertyDeclaration",
              "name": "onError",
              "signature": "onError?: (error: Error, req: IncomingMessage, res: ServerResponse) => any;",
              "source": {
                "filename": "dist/index.d.ts",
                "line": 45,
                "unpkgURL": "https://unpkg.com/browse/h3@0.3.3/dist/index.d.ts#L45",
                "url": "https://github.com/unjs/h3/tree/e4975dce995219529b7afa6ae3e67c2a4a4e84ba/dist/index.d.ts#L45",
              },
              "type": "(error: Error, req: IncomingMessage, res: ServerResponse) => any",
            },
          ],
        },
        "name": "AppOptions",
        "signature": "interface AppOptions {}",
        "source": {
          "filename": "dist/index.d.ts",
          "line": 43,
          "unpkgURL": "https://unpkg.com/browse/h3@0.3.3/dist/index.d.ts#L43",
          "url": "https://github.com/unjs/h3/tree/e4975dce995219529b7afa6ae3e67c2a4a4e84ba/dist/index.d.ts#L43",
        },
      },
      {
        "docs": [],
        "id": "AppUse",
        "kind": "InterfaceDeclaration",
        "members": {
          "callSignatures": [
            {
              "docs": [],
              "id": "AppUse.0-call-signature",
              "kind": "InterfaceCallSignatureDeclaration",
              "name": "call signature",
              "signature": "(
    route: string | string[],
    handle: Middleware | Middleware[],
    options?: Partial<InputLayer>
): App;",
              "source": {
                "filename": "dist/index.d.ts",
                "line": 31,
                "unpkgURL": "https://unpkg.com/browse/h3@0.3.3/dist/index.d.ts#L31",
                "url": "https://github.com/unjs/h3/tree/e4975dce995219529b7afa6ae3e67c2a4a4e84ba/dist/index.d.ts#L31",
              },
            },
            {
              "docs": [],
              "id": "AppUse.1-call-signature",
              "kind": "InterfaceCallSignatureDeclaration",
              "name": "call signature",
              "signature": "(
    route: string | string[],
    handle: Handle | Handle[],
    options?: Partial<InputLayer>
): App;",
              "source": {
                "filename": "dist/index.d.ts",
                "line": 32,
                "unpkgURL": "https://unpkg.com/browse/h3@0.3.3/dist/index.d.ts#L32",
                "url": "https://github.com/unjs/h3/tree/e4975dce995219529b7afa6ae3e67c2a4a4e84ba/dist/index.d.ts#L32",
              },
            },
            {
              "docs": [],
              "id": "AppUse.2-call-signature",
              "kind": "InterfaceCallSignatureDeclaration",
              "name": "call signature",
              "signature": "(handle: Middleware | Middleware[], options?: Partial<InputLayer>): App;",
              "source": {
                "filename": "dist/index.d.ts",
                "line": 33,
                "unpkgURL": "https://unpkg.com/browse/h3@0.3.3/dist/index.d.ts#L33",
                "url": "https://github.com/unjs/h3/tree/e4975dce995219529b7afa6ae3e67c2a4a4e84ba/dist/index.d.ts#L33",
              },
            },
            {
              "docs": [],
              "id": "AppUse.3-call-signature",
              "kind": "InterfaceCallSignatureDeclaration",
              "name": "call signature",
              "signature": "(handle: Handle | Handle[], options?: Partial<InputLayer>): App;",
              "source": {
                "filename": "dist/index.d.ts",
                "line": 34,
                "unpkgURL": "https://unpkg.com/browse/h3@0.3.3/dist/index.d.ts#L34",
                "url": "https://github.com/unjs/h3/tree/e4975dce995219529b7afa6ae3e67c2a4a4e84ba/dist/index.d.ts#L34",
              },
            },
            {
              "docs": [],
              "id": "AppUse.4-call-signature",
              "kind": "InterfaceCallSignatureDeclaration",
              "name": "call signature",
              "signature": "(options: InputLayer): App;",
              "source": {
                "filename": "dist/index.d.ts",
                "line": 35,
                "unpkgURL": "https://unpkg.com/browse/h3@0.3.3/dist/index.d.ts#L35",
                "url": "https://github.com/unjs/h3/tree/e4975dce995219529b7afa6ae3e67c2a4a4e84ba/dist/index.d.ts#L35",
              },
            },
          ],
          "constructSignatures": [],
          "indexSignatures": [],
          "methods": [],
          "properties": [],
        },
        "name": "AppUse",
        "signature": "interface AppUse {}",
        "source": {
          "filename": "dist/index.d.ts",
          "line": 30,
          "unpkgURL": "https://unpkg.com/browse/h3@0.3.3/dist/index.d.ts#L30",
          "url": "https://github.com/unjs/h3/tree/e4975dce995219529b7afa6ae3e67c2a4a4e84ba/dist/index.d.ts#L30",
        },
      },
      {
        "docs": [],
        "id": "InputLayer",
        "kind": "InterfaceDeclaration",
        "members": {
          "callSignatures": [],
          "constructSignatures": [],
          "indexSignatures": [],
          "methods": [],
          "properties": [
            {
              "docs": [],
              "id": "InputLayer.handle",
              "isOptional": false,
              "isReadonly": false,
              "kind": "InterfacePropertyDeclaration",
              "name": "handle",
              "signature": "handle: Handle | LazyHandle;",
              "source": {
                "filename": "dist/index.d.ts",
                "line": 24,
                "unpkgURL": "https://unpkg.com/browse/h3@0.3.3/dist/index.d.ts#L24",
                "url": "https://github.com/unjs/h3/tree/e4975dce995219529b7afa6ae3e67c2a4a4e84ba/dist/index.d.ts#L24",
              },
              "type": "Handle<any> | LazyHandle",
            },
            {
              "docs": [],
              "id": "InputLayer.lazy",
              "isOptional": true,
              "isReadonly": false,
              "kind": "InterfacePropertyDeclaration",
              "name": "lazy",
              "signature": "lazy?: boolean;",
              "source": {
                "filename": "dist/index.d.ts",
                "line": 25,
                "unpkgURL": "https://unpkg.com/browse/h3@0.3.3/dist/index.d.ts#L25",
                "url": "https://github.com/unjs/h3/tree/e4975dce995219529b7afa6ae3e67c2a4a4e84ba/dist/index.d.ts#L25",
              },
              "type": "boolean",
            },
            {
              "docs": [],
              "id": "InputLayer.match",
              "isOptional": true,
              "isReadonly": false,
              "kind": "InterfacePropertyDeclaration",
              "name": "match",
              "signature": "match?: Matcher;",
              "source": {
                "filename": "dist/index.d.ts",
                "line": 23,
                "unpkgURL": "https://unpkg.com/browse/h3@0.3.3/dist/index.d.ts#L23",
                "url": "https://github.com/unjs/h3/tree/e4975dce995219529b7afa6ae3e67c2a4a4e84ba/dist/index.d.ts#L23",
              },
              "type": "Matcher",
            },
            {
              "docs": [],
              "id": "InputLayer.promisify",
              "isOptional": true,
              "isReadonly": false,
              "kind": "InterfacePropertyDeclaration",
              "name": "promisify",
              "signature": "promisify?: boolean;",
              "source": {
                "filename": "dist/index.d.ts",
                "line": 26,
                "unpkgURL": "https://unpkg.com/browse/h3@0.3.3/dist/index.d.ts#L26",
                "url": "https://github.com/unjs/h3/tree/e4975dce995219529b7afa6ae3e67c2a4a4e84ba/dist/index.d.ts#L26",
              },
              "type": "boolean",
            },
            {
              "docs": [],
              "id": "InputLayer.route",
              "isOptional": true,
              "isReadonly": false,
              "kind": "InterfacePropertyDeclaration",
              "name": "route",
              "signature": "route?: string;",
              "source": {
                "filename": "dist/index.d.ts",
                "line": 22,
                "unpkgURL": "https://unpkg.com/browse/h3@0.3.3/dist/index.d.ts#L22",
                "url": "https://github.com/unjs/h3/tree/e4975dce995219529b7afa6ae3e67c2a4a4e84ba/dist/index.d.ts#L22",
              },
              "type": "string",
            },
          ],
        },
        "name": "InputLayer",
        "signature": "interface InputLayer {}",
        "source": {
          "filename": "dist/index.d.ts",
          "line": 21,
          "unpkgURL": "https://unpkg.com/browse/h3@0.3.3/dist/index.d.ts#L21",
          "url": "https://github.com/unjs/h3/tree/e4975dce995219529b7afa6ae3e67c2a4a4e84ba/dist/index.d.ts#L21",
        },
      },
      {
        "docs": [],
        "id": "Layer",
        "kind": "InterfaceDeclaration",
        "members": {
          "callSignatures": [],
          "constructSignatures": [],
          "indexSignatures": [],
          "methods": [],
          "properties": [
            {
              "docs": [],
              "id": "Layer.handle",
              "isOptional": false,
              "isReadonly": false,
              "kind": "InterfacePropertyDeclaration",
              "name": "handle",
              "signature": "handle: Handle;",
              "source": {
                "filename": "dist/index.d.ts",
                "line": 18,
                "unpkgURL": "https://unpkg.com/browse/h3@0.3.3/dist/index.d.ts#L18",
                "url": "https://github.com/unjs/h3/tree/e4975dce995219529b7afa6ae3e67c2a4a4e84ba/dist/index.d.ts#L18",
              },
              "type": "Handle<any>",
            },
            {
              "docs": [],
              "id": "Layer.match",
              "isOptional": true,
              "isReadonly": false,
              "kind": "InterfacePropertyDeclaration",
              "name": "match",
              "signature": "match?: Matcher;",
              "source": {
                "filename": "dist/index.d.ts",
                "line": 17,
                "unpkgURL": "https://unpkg.com/browse/h3@0.3.3/dist/index.d.ts#L17",
                "url": "https://github.com/unjs/h3/tree/e4975dce995219529b7afa6ae3e67c2a4a4e84ba/dist/index.d.ts#L17",
              },
              "type": "Matcher",
            },
            {
              "docs": [],
              "id": "Layer.route",
              "isOptional": false,
              "isReadonly": false,
              "kind": "InterfacePropertyDeclaration",
              "name": "route",
              "signature": "route: string;",
              "source": {
                "filename": "dist/index.d.ts",
                "line": 16,
                "unpkgURL": "https://unpkg.com/browse/h3@0.3.3/dist/index.d.ts#L16",
                "url": "https://github.com/unjs/h3/tree/e4975dce995219529b7afa6ae3e67c2a4a4e84ba/dist/index.d.ts#L16",
              },
              "type": "string",
            },
          ],
        },
        "name": "Layer",
        "signature": "interface Layer {}",
        "source": {
          "filename": "dist/index.d.ts",
          "line": 15,
          "unpkgURL": "https://unpkg.com/browse/h3@0.3.3/dist/index.d.ts#L15",
          "url": "https://github.com/unjs/h3/tree/e4975dce995219529b7afa6ae3e67c2a4a4e84ba/dist/index.d.ts#L15",
        },
      },
    ],
    "namespaces": [],
    "typeAliases": [
      {
        "docs": [],
        "id": "Handle",
        "kind": "TypeAliasDeclaration",
        "name": "Handle",
        "signature": "type Handle<T = any> = (req: IncomingMessage, res: ServerResponse) => T;",
        "source": {
          "filename": "dist/index.d.ts",
          "line": 6,
          "unpkgURL": "https://unpkg.com/browse/h3@0.3.3/dist/index.d.ts#L6",
          "url": "https://github.com/unjs/h3/tree/e4975dce995219529b7afa6ae3e67c2a4a4e84ba/dist/index.d.ts#L6",
        },
      },
      {
        "docs": [],
        "id": "InputStack",
        "kind": "TypeAliasDeclaration",
        "name": "InputStack",
        "signature": "type InputStack = InputLayer[];",
        "source": {
          "filename": "dist/index.d.ts",
          "line": 28,
          "unpkgURL": "https://unpkg.com/browse/h3@0.3.3/dist/index.d.ts#L28",
          "url": "https://github.com/unjs/h3/tree/e4975dce995219529b7afa6ae3e67c2a4a4e84ba/dist/index.d.ts#L28",
        },
      },
      {
        "docs": [],
        "id": "LazyHandle",
        "kind": "TypeAliasDeclaration",
        "name": "LazyHandle",
        "signature": "type LazyHandle = () => Handle | Promise<Handle>;",
        "source": {
          "filename": "dist/index.d.ts",
          "line": 9,
          "unpkgURL": "https://unpkg.com/browse/h3@0.3.3/dist/index.d.ts#L9",
          "url": "https://github.com/unjs/h3/tree/e4975dce995219529b7afa6ae3e67c2a4a4e84ba/dist/index.d.ts#L9",
        },
      },
      {
        "docs": [],
        "id": "Matcher",
        "kind": "TypeAliasDeclaration",
        "name": "Matcher",
        "signature": "type Matcher = (url: string, req?: IncomingMessage) => boolean;",
        "source": {
          "filename": "dist/index.d.ts",
          "line": 29,
          "unpkgURL": "https://unpkg.com/browse/h3@0.3.3/dist/index.d.ts#L29",
          "url": "https://github.com/unjs/h3/tree/e4975dce995219529b7afa6ae3e67c2a4a4e84ba/dist/index.d.ts#L29",
        },
      },
      {
        "docs": [],
        "id": "Middleware",
        "kind": "TypeAliasDeclaration",
        "name": "Middleware",
        "signature": "type Middleware = (
    req: IncomingMessage,
    res: ServerResponse,
    next: (err?: Error) => any
) => any;",
        "source": {
          "filename": "dist/index.d.ts",
          "line": 8,
          "unpkgURL": "https://unpkg.com/browse/h3@0.3.3/dist/index.d.ts#L8",
          "url": "https://github.com/unjs/h3/tree/e4975dce995219529b7afa6ae3e67c2a4a4e84ba/dist/index.d.ts#L8",
        },
      },
      {
        "docs": [],
        "id": "PHandle",
        "kind": "TypeAliasDeclaration",
        "name": "PHandle",
        "signature": "type PHandle = Handle<Promise<any>>;",
        "source": {
          "filename": "dist/index.d.ts",
          "line": 7,
          "unpkgURL": "https://unpkg.com/browse/h3@0.3.3/dist/index.d.ts#L7",
          "url": "https://github.com/unjs/h3/tree/e4975dce995219529b7afa6ae3e67c2a4a4e84ba/dist/index.d.ts#L7",
        },
      },
      {
        "docs": [],
        "id": "Stack",
        "kind": "TypeAliasDeclaration",
        "name": "Stack",
        "signature": "type Stack = Layer[];",
        "source": {
          "filename": "dist/index.d.ts",
          "line": 20,
          "unpkgURL": "https://unpkg.com/browse/h3@0.3.3/dist/index.d.ts#L20",
          "url": "https://github.com/unjs/h3/tree/e4975dce995219529b7afa6ae3e67c2a4a4e84ba/dist/index.d.ts#L20",
        },
      },
    ],
    "variables": [
      {
        "docs": [],
        "id": "MIMES",
        "kind": "VariableDeclaration",
        "name": "MIMES",
        "signature": "const MIMES: { html: string; json: string };",
        "source": {
          "filename": "dist/index.d.ts",
          "line": 106,
          "unpkgURL": "https://unpkg.com/browse/h3@0.3.3/dist/index.d.ts#L106",
          "url": "https://github.com/unjs/h3/tree/e4975dce995219529b7afa6ae3e67c2a4a4e84ba/dist/index.d.ts#L106",
        },
        "type": "{ html: string; json: string; }",
        "variableKind": "const",
      },
    ],
  },
  "files": [
    {
      "filename": "dist/index.d.ts",
      "isIndexFile": true,
      "unpkgURL": "https://unpkg.com/browse/h3@0.3.3/dist/index.d.ts",
      "url": "https://github.com/unjs/h3/tree/e4975dce995219529b7afa6ae3e67c2a4a4e84ba/dist/index.d.ts",
    },
  ],
  "overview": undefined,
}
`;
