// Vitest Snapshot v1, https://vitest.dev/guide/snapshot.html

exports[`export default object 1`] = `
[
  {
    "docs": [
      "/** obj1 */",
    ],
    "file": "/index.ts",
    "id": "+variable.default",
    "kind": "variable",
    "line": 2,
    "name": "default",
    "signature": "const default: { a: string; b: boolean; c: number; d: { e: string } };",
  },
]
`;
