// Vitest Snapshot v1, https://vitest.dev/guide/snapshot.html

exports[`highlight-words@1.2.2 1`] = `
{
  "analyzedAt": Any<String>,
  "analyzedIn": Any<Number>,
  "declarations": [
    {
      "docs": [
        "/**
 * Split a text into chunks denoting which are a match and which are not based on a user search term.
 * @param text          String  The text to split.
 * @param query         String  The query to split by. This can contain multiple words.
 * @param clipBy        Number  Clip the non-matches by a certain number of words to provide context around the matches.
 * @param matchExactly  Boolean If we have multiple words in the query, we will match any of the words if exact is false. For example, searching for "brown fox" in "the brown cute fox" will yield both "brown" and "fox" as matches. While if exact is true, the same search will return no results.
 */",
      ],
      "file": "/highlight-words/dist/highlight-words.d.ts",
      "id": "function.default",
      "kind": "function",
      "line": 32,
      "name": "default",
      "signature": "default: ({
  text,
  query,
  clipBy,
  matchExactly,
}: Readonly<HighlightWords.Options>) => HighlightWords.Chunk[];",
    },
    {
      "declarations": [
        {
          "callSignatures": [],
          "constructSignatures": [],
          "docs": [],
          "file": "/highlight-words/dist/highlight-words.d.ts",
          "getAccessors": [],
          "id": "namespace.HighlightWords.interface.Chunk",
          "indexSignatures": [],
          "kind": "interface",
          "line": 2,
          "methods": [],
          "name": "Chunk",
          "properties": [
            {
              "docs": [],
              "file": "/highlight-words/dist/highlight-words.d.ts",
              "id": "namespace.HighlightWords.interface.Chunk.property.key",
              "kind": "interface-property",
              "line": 3,
              "name": "key",
              "signature": "key: string;",
            },
            {
              "docs": [],
              "file": "/highlight-words/dist/highlight-words.d.ts",
              "id": "namespace.HighlightWords.interface.Chunk.property.match",
              "kind": "interface-property",
              "line": 5,
              "name": "match",
              "signature": "match: boolean;",
            },
            {
              "docs": [],
              "file": "/highlight-words/dist/highlight-words.d.ts",
              "id": "namespace.HighlightWords.interface.Chunk.property.text",
              "kind": "interface-property",
              "line": 4,
              "name": "text",
              "signature": "text: string;",
            },
          ],
          "setAccessors": [],
          "signature": "interface Chunk {}",
        },
        {
          "callSignatures": [],
          "constructSignatures": [],
          "docs": [],
          "file": "/highlight-words/dist/highlight-words.d.ts",
          "getAccessors": [],
          "id": "namespace.HighlightWords.interface.Clip",
          "indexSignatures": [],
          "kind": "interface",
          "line": 13,
          "methods": [],
          "name": "Clip",
          "properties": [
            {
              "docs": [],
              "file": "/highlight-words/dist/highlight-words.d.ts",
              "id": "namespace.HighlightWords.interface.Clip.property.clipBy",
              "kind": "interface-property",
              "line": 17,
              "name": "clipBy",
              "signature": "clipBy?: number;",
            },
            {
              "docs": [],
              "file": "/highlight-words/dist/highlight-words.d.ts",
              "id": "namespace.HighlightWords.interface.Clip.property.curr",
              "kind": "interface-property",
              "line": 14,
              "name": "curr",
              "signature": "curr: Chunk;",
            },
            {
              "docs": [],
              "file": "/highlight-words/dist/highlight-words.d.ts",
              "id": "namespace.HighlightWords.interface.Clip.property.next",
              "kind": "interface-property",
              "line": 15,
              "name": "next",
              "signature": "next?: Chunk;",
            },
            {
              "docs": [],
              "file": "/highlight-words/dist/highlight-words.d.ts",
              "id": "namespace.HighlightWords.interface.Clip.property.prev",
              "kind": "interface-property",
              "line": 16,
              "name": "prev",
              "signature": "prev?: Chunk;",
            },
          ],
          "setAccessors": [],
          "signature": "interface Clip {}",
        },
        {
          "callSignatures": [],
          "constructSignatures": [],
          "docs": [],
          "file": "/highlight-words/dist/highlight-words.d.ts",
          "getAccessors": [],
          "id": "namespace.HighlightWords.interface.Options",
          "indexSignatures": [],
          "kind": "interface",
          "line": 7,
          "methods": [],
          "name": "Options",
          "properties": [
            {
              "docs": [],
              "file": "/highlight-words/dist/highlight-words.d.ts",
              "id": "namespace.HighlightWords.interface.Options.property.clipBy",
              "kind": "interface-property",
              "line": 10,
              "name": "clipBy",
              "signature": "clipBy?: number;",
            },
            {
              "docs": [],
              "file": "/highlight-words/dist/highlight-words.d.ts",
              "id": "namespace.HighlightWords.interface.Options.property.matchExactly",
              "kind": "interface-property",
              "line": 11,
              "name": "matchExactly",
              "signature": "matchExactly?: boolean;",
            },
            {
              "docs": [],
              "file": "/highlight-words/dist/highlight-words.d.ts",
              "id": "namespace.HighlightWords.interface.Options.property.query",
              "kind": "interface-property",
              "line": 9,
              "name": "query",
              "signature": "query: string;",
            },
            {
              "docs": [],
              "file": "/highlight-words/dist/highlight-words.d.ts",
              "id": "namespace.HighlightWords.interface.Options.property.text",
              "kind": "interface-property",
              "line": 8,
              "name": "text",
              "signature": "text: string;",
            },
          ],
          "setAccessors": [],
          "signature": "interface Options {}",
        },
        {
          "callSignatures": [],
          "constructSignatures": [],
          "docs": [],
          "file": "/highlight-words/dist/highlight-words.d.ts",
          "getAccessors": [],
          "id": "namespace.HighlightWords.interface.Query",
          "indexSignatures": [],
          "kind": "interface",
          "line": 19,
          "methods": [],
          "name": "Query",
          "properties": [
            {
              "docs": [],
              "file": "/highlight-words/dist/highlight-words.d.ts",
              "id": "namespace.HighlightWords.interface.Query.property.matchExactly",
              "kind": "interface-property",
              "line": 21,
              "name": "matchExactly",
              "signature": "matchExactly?: boolean;",
            },
            {
              "docs": [],
              "file": "/highlight-words/dist/highlight-words.d.ts",
              "id": "namespace.HighlightWords.interface.Query.property.terms",
              "kind": "interface-property",
              "line": 20,
              "name": "terms",
              "signature": "terms: string;",
            },
          ],
          "setAccessors": [],
          "signature": "interface Query {}",
        },
      ],
      "docs": [],
      "file": "/highlight-words/dist/highlight-words.d.ts",
      "id": "namespace.HighlightWords",
      "kind": "namespace",
      "line": 1,
      "name": "HighlightWords",
      "signature": "namespace HighlightWords {}",
    },
  ],
  "name": "highlight-words",
  "overview": undefined,
  "packages": Any<Array>,
  "subpath": ".",
  "types": "dist/highlight-words.d.ts",
  "version": "1.2.2",
}
`;
