// Vitest Snapshot v1, https://vitest.dev/guide/snapshot.html

exports[`@violentmonkey/shortcut@1.4.1 1`] = `
{
  "analyzedAt": Any<String>,
  "analyzedIn": Any<Number>,
  "declarations": [
    {
      "constructors": [
        {
          "docs": [],
          "file": "/@violentmonkey/shortcut/types/index.d.ts",
          "id": "+class.KeyboardService.constructor",
          "kind": "class-constructor",
          "line": 16,
          "name": "constructor",
          "signature": "constructor(options?: Partial<IShortcutServiceOptions>);",
        },
      ],
      "docs": [],
      "file": "/@violentmonkey/shortcut/types/index.d.ts",
      "id": "+class.KeyboardService",
      "kind": "class",
      "line": 6,
      "methods": [
        {
          "docs": [],
          "file": "/@violentmonkey/shortcut/types/index.d.ts",
          "id": "+class.KeyboardService.+method.disable",
          "kind": "class-method",
          "line": 25,
          "name": "disable",
          "signature": "disable: () => void;",
        },
        {
          "docs": [],
          "file": "/@violentmonkey/shortcut/types/index.d.ts",
          "id": "+class.KeyboardService.+method.enable",
          "kind": "class-method",
          "line": 24,
          "name": "enable",
          "signature": "enable: () => void;",
        },
        {
          "docs": [],
          "file": "/@violentmonkey/shortcut/types/index.d.ts",
          "id": "+class.KeyboardService.+method.handleKeyOnce",
          "kind": "class-method",
          "line": 28,
          "name": "handleKeyOnce",
          "signature": "handleKeyOnce: (keyExps: string[], fromRoot: boolean) => boolean;",
        },
        {
          "docs": [],
          "file": "/@violentmonkey/shortcut/types/index.d.ts",
          "id": "+class.KeyboardService.+method.register",
          "kind": "class-method",
          "line": 26,
          "name": "register",
          "signature": "register: (
  key: string,
  callback: () => void,
  options?: Partial<IShortcutOptions>,
) => () => void;",
        },
        {
          "docs": [],
          "file": "/@violentmonkey/shortcut/types/index.d.ts",
          "id": "+class.KeyboardService.+method.setContext",
          "kind": "class-method",
          "line": 27,
          "name": "setContext",
          "signature": "setContext: (key: string, value: unknown) => void;",
        },
      ],
      "name": "KeyboardService",
      "properties": [
        {
          "docs": [],
          "file": "/@violentmonkey/shortcut/types/index.d.ts",
          "id": "+class.KeyboardService.+property.defaultOptions",
          "kind": "class-property",
          "line": 14,
          "name": "defaultOptions",
          "signature": "static defaultOptions: IShortcutServiceOptions;",
        },
        {
          "docs": [],
          "file": "/@violentmonkey/shortcut/types/index.d.ts",
          "id": "+class.KeyboardService.+property.handleKey",
          "kind": "class-property",
          "line": 29,
          "name": "handleKey",
          "signature": "handleKey: (e: KeyboardEvent) => void;",
        },
        {
          "docs": [],
          "file": "/@violentmonkey/shortcut/types/index.d.ts",
          "id": "+class.KeyboardService.+property.options",
          "kind": "class-property",
          "line": 15,
          "name": "options",
          "signature": "options: IShortcutServiceOptions;",
        },
        {
          "docs": [],
          "file": "/@violentmonkey/shortcut/types/index.d.ts",
          "id": "+class.KeyboardService.+property.sequence",
          "kind": "class-property",
          "line": 12,
          "name": "sequence",
          "signature": "sequence: Subject<string[]>;",
        },
      ],
      "signature": "class KeyboardService {}",
    },
    {
      "docs": [],
      "file": "/@violentmonkey/shortcut/types/util.d.ts",
      "id": "+function.buildKey",
      "kind": "function",
      "line": 2,
      "name": "buildKey",
      "signature": "buildKey: (key: IShortcutKey) => string;",
    },
    {
      "docs": [],
      "file": "/@violentmonkey/shortcut/types/index.d.ts",
      "id": "+function.disable",
      "kind": "function",
      "line": 34,
      "name": "disable",
      "signature": "disable: () => void;",
    },
    {
      "docs": [],
      "file": "/@violentmonkey/shortcut/types/index.d.ts",
      "id": "+function.enable",
      "kind": "function",
      "line": 33,
      "name": "enable",
      "signature": "enable: () => void;",
    },
    {
      "docs": [],
      "file": "/@violentmonkey/shortcut/types/index.d.ts",
      "id": "+function.getService",
      "kind": "function",
      "line": 31,
      "name": "getService",
      "signature": "getService: () => KeyboardService;",
    },
    {
      "docs": [],
      "file": "/@violentmonkey/shortcut/types/index.d.ts",
      "id": "+function.handleKey",
      "kind": "function",
      "line": 35,
      "name": "handleKey",
      "signature": "handleKey: (e: KeyboardEvent) => void;",
    },
    {
      "docs": [],
      "file": "/@violentmonkey/shortcut/types/util.d.ts",
      "id": "+function.normalizeSequence",
      "kind": "function",
      "line": 4,
      "name": "normalizeSequence",
      "signature": "normalizeSequence: (
  input: string | string[],
  caseSensitive: boolean,
) => IShortcutKey[];",
    },
    {
      "docs": [],
      "file": "/@violentmonkey/shortcut/types/util.d.ts",
      "id": "+function.parseCondition",
      "kind": "function",
      "line": 5,
      "name": "parseCondition",
      "signature": "parseCondition: (condition: string) => IShortcutCondition[];",
    },
    {
      "docs": [],
      "file": "/@violentmonkey/shortcut/types/util.d.ts",
      "id": "+function.parseKey",
      "kind": "function",
      "line": 3,
      "name": "parseKey",
      "signature": "parseKey: (shortcut: string, caseSensitive: boolean) => IShortcutKey;",
    },
    {
      "docs": [],
      "file": "/@violentmonkey/shortcut/types/index.d.ts",
      "id": "+function.register",
      "kind": "function",
      "line": 32,
      "name": "register",
      "signature": "register: (
  key: string,
  callback: () => void,
  options?: Partial<IShortcutOptions> | undefined,
) => () => void;",
    },
    {
      "docs": [],
      "file": "/@violentmonkey/shortcut/types/util.d.ts",
      "id": "+function.reprKey",
      "kind": "function",
      "line": 6,
      "name": "reprKey",
      "signature": "reprKey: (key: IShortcutKey) => string;",
    },
    {
      "docs": [],
      "file": "/@violentmonkey/shortcut/types/util.d.ts",
      "id": "+function.reprShortcut",
      "kind": "function",
      "line": 7,
      "name": "reprShortcut",
      "signature": "reprShortcut: (input: string | string[], caseSensitive?: boolean) => string;",
    },
    {
      "callSignatures": [],
      "constructSignatures": [],
      "docs": [],
      "file": "/@violentmonkey/shortcut/types/types/index.d.ts",
      "getAccessors": [],
      "id": "+interface.IKeyNode",
      "indexSignatures": [],
      "kind": "interface",
      "line": 18,
      "methods": [],
      "name": "IKeyNode",
      "properties": [
        {
          "docs": [],
          "file": "/@violentmonkey/shortcut/types/types/index.d.ts",
          "id": "+interface.IKeyNode.+property.children",
          "kind": "interface-property",
          "line": 20,
          "name": "children",
          "signature": "children: Map<string, IKeyNode>;",
        },
        {
          "docs": [],
          "file": "/@violentmonkey/shortcut/types/types/index.d.ts",
          "id": "+interface.IKeyNode.+property.shortcuts",
          "kind": "interface-property",
          "line": 19,
          "name": "shortcuts",
          "signature": "shortcuts: Set<IShortcut>;",
        },
      ],
      "setAccessors": [],
      "signature": "interface IKeyNode {}",
    },
    {
      "callSignatures": [],
      "constructSignatures": [],
      "docs": [],
      "file": "/@violentmonkey/shortcut/types/types/index.d.ts",
      "getAccessors": [],
      "id": "+interface.IShortcut",
      "indexSignatures": [],
      "kind": "interface",
      "line": 11,
      "methods": [],
      "name": "IShortcut",
      "properties": [
        {
          "docs": [],
          "file": "/@violentmonkey/shortcut/types/types/index.d.ts",
          "id": "+interface.IShortcut.+property.callback",
          "kind": "interface-property",
          "line": 14,
          "name": "callback",
          "signature": "callback: () => void;",
        },
        {
          "docs": [],
          "file": "/@violentmonkey/shortcut/types/types/index.d.ts",
          "id": "+interface.IShortcut.+property.caseSensitive",
          "kind": "interface-property",
          "line": 16,
          "name": "caseSensitive",
          "signature": "caseSensitive: boolean;",
        },
        {
          "docs": [],
          "file": "/@violentmonkey/shortcut/types/types/index.d.ts",
          "id": "+interface.IShortcut.+property.condition",
          "kind": "interface-property",
          "line": 13,
          "name": "condition",
          "signature": "condition?: string;",
        },
        {
          "docs": [],
          "file": "/@violentmonkey/shortcut/types/types/index.d.ts",
          "id": "+interface.IShortcut.+property.enabled",
          "kind": "interface-property",
          "line": 15,
          "name": "enabled",
          "signature": "enabled: boolean;",
        },
        {
          "docs": [],
          "file": "/@violentmonkey/shortcut/types/types/index.d.ts",
          "id": "+interface.IShortcut.+property.sequence",
          "kind": "interface-property",
          "line": 12,
          "name": "sequence",
          "signature": "sequence: string[];",
        },
      ],
      "setAccessors": [],
      "signature": "interface IShortcut {}",
    },
    {
      "callSignatures": [],
      "constructSignatures": [],
      "docs": [],
      "file": "/@violentmonkey/shortcut/types/types/index.d.ts",
      "getAccessors": [],
      "id": "+interface.IShortcutCondition",
      "indexSignatures": [],
      "kind": "interface",
      "line": 7,
      "methods": [],
      "name": "IShortcutCondition",
      "properties": [
        {
          "docs": [],
          "file": "/@violentmonkey/shortcut/types/types/index.d.ts",
          "id": "+interface.IShortcutCondition.+property.field",
          "kind": "interface-property",
          "line": 8,
          "name": "field",
          "signature": "field: string;",
        },
        {
          "docs": [],
          "file": "/@violentmonkey/shortcut/types/types/index.d.ts",
          "id": "+interface.IShortcutCondition.+property.not",
          "kind": "interface-property",
          "line": 9,
          "name": "not",
          "signature": "not: boolean;",
        },
      ],
      "setAccessors": [],
      "signature": "interface IShortcutCondition {}",
    },
    {
      "callSignatures": [],
      "constructSignatures": [],
      "docs": [],
      "file": "/@violentmonkey/shortcut/types/types/index.d.ts",
      "getAccessors": [],
      "id": "+interface.IShortcutConditionCache",
      "indexSignatures": [],
      "kind": "interface",
      "line": 22,
      "methods": [],
      "name": "IShortcutConditionCache",
      "properties": [
        {
          "docs": [],
          "file": "/@violentmonkey/shortcut/types/types/index.d.ts",
          "id": "+interface.IShortcutConditionCache.+property.count",
          "kind": "interface-property",
          "line": 23,
          "name": "count",
          "signature": "count: number;",
        },
        {
          "docs": [],
          "file": "/@violentmonkey/shortcut/types/types/index.d.ts",
          "id": "+interface.IShortcutConditionCache.+property.result",
          "kind": "interface-property",
          "line": 25,
          "name": "result",
          "signature": "result: boolean;",
        },
        {
          "docs": [],
          "file": "/@violentmonkey/shortcut/types/types/index.d.ts",
          "id": "+interface.IShortcutConditionCache.+property.value",
          "kind": "interface-property",
          "line": 24,
          "name": "value",
          "signature": "value: IShortcutCondition[];",
        },
      ],
      "setAccessors": [],
      "signature": "interface IShortcutConditionCache {}",
    },
    {
      "callSignatures": [],
      "constructSignatures": [],
      "docs": [],
      "file": "/@violentmonkey/shortcut/types/types/index.d.ts",
      "getAccessors": [],
      "id": "+interface.IShortcutKey",
      "indexSignatures": [],
      "kind": "interface",
      "line": 35,
      "methods": [],
      "name": "IShortcutKey",
      "properties": [
        {
          "docs": [],
          "file": "/@violentmonkey/shortcut/types/types/index.d.ts",
          "id": "+interface.IShortcutKey.+property.base",
          "kind": "interface-property",
          "line": 36,
          "name": "base",
          "signature": "base: string;",
        },
        {
          "docs": [],
          "file": "/@violentmonkey/shortcut/types/types/index.d.ts",
          "id": "+interface.IShortcutKey.+property.caseSensitive",
          "kind": "interface-property",
          "line": 38,
          "name": "caseSensitive",
          "signature": "caseSensitive: boolean;",
        },
        {
          "docs": [],
          "file": "/@violentmonkey/shortcut/types/types/index.d.ts",
          "id": "+interface.IShortcutKey.+property.modifierState",
          "kind": "interface-property",
          "line": 37,
          "name": "modifierState",
          "signature": "modifierState: IShortcutModifiers;",
        },
      ],
      "setAccessors": [],
      "signature": "interface IShortcutKey {}",
    },
    {
      "callSignatures": [],
      "constructSignatures": [],
      "docs": [],
      "file": "/@violentmonkey/shortcut/types/types/index.d.ts",
      "getAccessors": [],
      "id": "+interface.IShortcutModifiers",
      "indexSignatures": [],
      "kind": "interface",
      "line": 1,
      "methods": [],
      "name": "IShortcutModifiers",
      "properties": [
        {
          "docs": [],
          "file": "/@violentmonkey/shortcut/types/types/index.d.ts",
          "id": "+interface.IShortcutModifiers.+property.a",
          "kind": "interface-property",
          "line": 4,
          "name": "a",
          "signature": "a?: boolean;",
        },
        {
          "docs": [],
          "file": "/@violentmonkey/shortcut/types/types/index.d.ts",
          "id": "+interface.IShortcutModifiers.+property.c",
          "kind": "interface-property",
          "line": 2,
          "name": "c",
          "signature": "c?: boolean;",
        },
        {
          "docs": [],
          "file": "/@violentmonkey/shortcut/types/types/index.d.ts",
          "id": "+interface.IShortcutModifiers.+property.m",
          "kind": "interface-property",
          "line": 5,
          "name": "m",
          "signature": "m?: boolean;",
        },
        {
          "docs": [],
          "file": "/@violentmonkey/shortcut/types/types/index.d.ts",
          "id": "+interface.IShortcutModifiers.+property.s",
          "kind": "interface-property",
          "line": 3,
          "name": "s",
          "signature": "s?: boolean;",
        },
      ],
      "setAccessors": [],
      "signature": "interface IShortcutModifiers {}",
    },
    {
      "callSignatures": [],
      "constructSignatures": [],
      "docs": [],
      "file": "/@violentmonkey/shortcut/types/types/index.d.ts",
      "getAccessors": [],
      "id": "+interface.IShortcutOptions",
      "indexSignatures": [],
      "kind": "interface",
      "line": 27,
      "methods": [],
      "name": "IShortcutOptions",
      "properties": [
        {
          "docs": [],
          "file": "/@violentmonkey/shortcut/types/types/index.d.ts",
          "id": "+interface.IShortcutOptions.+property.caseSensitive",
          "kind": "interface-property",
          "line": 29,
          "name": "caseSensitive",
          "signature": "caseSensitive: boolean;",
        },
        {
          "docs": [],
          "file": "/@violentmonkey/shortcut/types/types/index.d.ts",
          "id": "+interface.IShortcutOptions.+property.condition",
          "kind": "interface-property",
          "line": 28,
          "name": "condition",
          "signature": "condition?: string;",
        },
      ],
      "setAccessors": [],
      "signature": "interface IShortcutOptions {}",
    },
    {
      "callSignatures": [],
      "constructSignatures": [],
      "docs": [],
      "file": "/@violentmonkey/shortcut/types/types/index.d.ts",
      "getAccessors": [],
      "id": "+interface.IShortcutServiceOptions",
      "indexSignatures": [],
      "kind": "interface",
      "line": 31,
      "methods": [],
      "name": "IShortcutServiceOptions",
      "properties": [
        {
          "docs": [
            "/** Max timeout between two keys within a sequence. */",
          ],
          "file": "/@violentmonkey/shortcut/types/types/index.d.ts",
          "id": "+interface.IShortcutServiceOptions.+property.sequenceTimeout",
          "kind": "interface-property",
          "line": 33,
          "name": "sequenceTimeout",
          "signature": "sequenceTimeout: number;",
        },
      ],
      "setAccessors": [],
      "signature": "interface IShortcutServiceOptions {}",
    },
    {
      "docs": [],
      "file": "/@violentmonkey/shortcut/types/constants.d.ts",
      "id": "+type.IModifier",
      "kind": "type",
      "line": 2,
      "name": "IModifier",
      "signature": "type IModifier = (typeof modifierList)[number];",
    },
    {
      "docs": [],
      "file": "/@violentmonkey/shortcut/types/constants.d.ts",
      "id": "+variable.aliases",
      "kind": "variable",
      "line": 11,
      "name": "aliases",
      "signature": "const aliases: Record<string, string>;",
    },
    {
      "docs": [],
      "file": "/@violentmonkey/shortcut/types/constants.d.ts",
      "id": "+variable.modifierAliases",
      "kind": "variable",
      "line": 4,
      "name": "modifierAliases",
      "signature": "const modifierAliases: Record<string, "m" | "c" | "s" | "a">;",
    },
    {
      "docs": [],
      "file": "/@violentmonkey/shortcut/types/constants.d.ts",
      "id": "+variable.modifierList",
      "kind": "variable",
      "line": 1,
      "name": "modifierList",
      "signature": "const modifierList: readonly ["m", "c", "s", "a"];",
    },
    {
      "docs": [],
      "file": "/@violentmonkey/shortcut/types/constants.d.ts",
      "id": "+variable.modifiers",
      "kind": "variable",
      "line": 3,
      "name": "modifiers",
      "signature": "const modifiers: Record<string, "m" | "c" | "s" | "a">;",
    },
    {
      "docs": [],
      "file": "/@violentmonkey/shortcut/types/constants.d.ts",
      "id": "+variable.modifierSymbols",
      "kind": "variable",
      "line": 5,
      "name": "modifierSymbols",
      "signature": "const modifierSymbols: { c: string; s: string; a: string; m: string };",
    },
  ],
  "dependencies": Any<Array>,
  "name": "@violentmonkey/shortcut",
  "overview": undefined,
  "subpath": ".",
  "types": "types/index.d.ts",
  "version": "1.4.1",
}
`;
