// Vitest Snapshot v1, https://vitest.dev/guide/snapshot.html

exports[`export-as-namespace > snapshot 1`] = `
{
  "declarations": {
    "classes": [],
    "enums": [],
    "functions": [
      {
        "docs": [
          "/** func1 */",
        ],
        "id": "func1",
        "kind": "FunctionDeclaration",
        "name": "func1",
        "signature": "func1: (a: number, b: number) => number;",
        "source": {
          "filename": "index.d.ts",
          "line": 2,
          "unpkgURL": undefined,
          "url": undefined,
        },
        "type": "(a: number, b: number) => number",
      },
    ],
    "interfaces": [],
    "namespaces": [],
    "typeAliases": [],
    "variables": [],
  },
  "files": [
    {
      "filename": "index.d.ts",
      "isIndexFile": true,
      "unpkgURL": undefined,
      "url": undefined,
    },
  ],
  "overview": undefined,
}
`;
