// Jest Snapshot v1, https://goo.gl/fbAQLP

exports[`export-default-const snapshot 1`] = `
{
  "declarations": {
    "classes": [],
    "enums": [],
    "functions": [],
    "interfaces": [],
    "namespaces": [],
    "typeAliases": [],
    "variables": [
      {
        "docs": [
          "/** var1 */",
        ],
        "id": "var1",
        "kind": "VariableDeclaration",
        "name": "var1",
        "signature": "const var1: string;",
        "source": {
          "filename": "index.ts",
          "line": 2,
          "unpkgURL": undefined,
          "url": undefined,
        },
        "type": "string",
        "variableKind": "const",
      },
    ],
  },
  "files": [
    {
      "filename": "index.ts",
      "isIndexFile": true,
      "unpkgURL": undefined,
      "url": undefined,
    },
  ],
  "overview": undefined,
}
`;
