// Vitest Snapshot v1, https://vitest.dev/guide/snapshot.html

exports[`export-default-let > snapshot 1`] = `
{
  "declarations": {
    "classes": [],
    "enums": [],
    "functions": [],
    "interfaces": [],
    "namespaces": [],
    "typeAliases": [],
    "variables": [
      {
        "docs": [
          "/** var1 */",
        ],
        "id": "default",
        "kind": "variable",
        "name": "default",
        "signature": "let default: string;",
        "source": {
          "filename": "index.ts",
          "line": 2,
          "unpkgURL": undefined,
          "url": undefined,
        },
        "type": "string",
        "variableKind": "let",
      },
    ],
  },
  "files": [
    {
      "filename": "index.ts",
      "isIndexFile": true,
      "unpkgURL": undefined,
      "url": undefined,
    },
  ],
  "overview": undefined,
}
`;
