// Jest Snapshot v1, https://goo.gl/fbAQLP

exports[`export-default-function snapshot 1`] = `
Object {
  "declarations": Object {
    "classes": Array [],
    "enums": Array [],
    "functions": Array [
      Object {
        "docs": Array [
          "/** func1 */",
        ],
        "id": "default",
        "kind": "FunctionDeclaration",
        "name": "default",
        "signature": "default: (a: number, b: number) => number;",
        "source": Object {
          "filename": "index.ts",
          "line": 2,
          "unpkgURL": undefined,
          "url": undefined,
        },
        "type": "(a: number, b: number) => number",
      },
    ],
    "interfaces": Array [],
    "namespaces": Array [],
    "typeAliases": Array [],
    "variables": Array [],
  },
  "files": Array [
    Object {
      "filename": "index.ts",
      "isIndexFile": true,
      "unpkgURL": undefined,
      "url": undefined,
    },
  ],
  "overview": undefined,
}
`;
