// Vitest Snapshot v1, https://vitest.dev/guide/snapshot.html

exports[`export-equals-function-and-namespace > snapshot 1`] = `
{
  "declarations": {
    "classes": [],
    "enums": [],
    "functions": [
      {
        "docs": [
          "/** func1 function */",
        ],
        "id": "func1",
        "kind": "function",
        "name": "func1",
        "signature": "func1: typeof func1;",
        "source": {
          "filename": "index.d.ts",
          "line": 10,
          "unpkgURL": undefined,
          "url": undefined,
        },
        "type": "typeof func1",
      },
    ],
    "interfaces": [
      {
        "docs": [
          "/** Interface1 */",
        ],
        "id": "Interface1",
        "kind": "interface",
        "members": {
          "callSignatures": [],
          "constructSignatures": [],
          "indexSignatures": [],
          "methods": [],
          "properties": [
            {
              "docs": [],
              "id": "Interface1.foo",
              "isOptional": false,
              "isReadonly": true,
              "kind": "interfaceProperty",
              "name": "foo",
              "signature": "readonly foo: string;",
              "source": {
                "filename": "index.d.ts",
                "line": 17,
                "unpkgURL": undefined,
                "url": undefined,
              },
              "type": "string",
            },
          ],
        },
        "name": "Interface1",
        "signature": "interface Interface1 {}",
        "source": {
          "filename": "index.d.ts",
          "line": 16,
          "unpkgURL": undefined,
          "url": undefined,
        },
      },
      {
        "docs": [
          "/** Interface2 */",
        ],
        "id": "Interface2",
        "kind": "interface",
        "members": {
          "callSignatures": [],
          "constructSignatures": [],
          "indexSignatures": [],
          "methods": [],
          "properties": [
            {
              "docs": [],
              "id": "Interface2.bar",
              "isOptional": false,
              "isReadonly": true,
              "kind": "interfaceProperty",
              "name": "bar",
              "signature": "readonly bar: number;",
              "source": {
                "filename": "index.d.ts",
                "line": 22,
                "unpkgURL": undefined,
                "url": undefined,
              },
              "type": "number",
            },
          ],
        },
        "name": "Interface2",
        "signature": "interface Interface2 {}",
        "source": {
          "filename": "index.d.ts",
          "line": 21,
          "unpkgURL": undefined,
          "url": undefined,
        },
      },
    ],
    "namespaces": [],
    "typeAliases": [],
    "variables": [
      {
        "docs": [
          "/** var1 */",
        ],
        "id": "var1",
        "kind": "variable",
        "name": "var1",
        "signature": "const var1: string;",
        "source": {
          "filename": "index.d.ts",
          "line": 26,
          "unpkgURL": undefined,
          "url": undefined,
        },
        "type": "string",
        "variableKind": "const",
      },
    ],
  },
  "files": [
    {
      "filename": "index.d.ts",
      "isIndexFile": true,
      "unpkgURL": undefined,
      "url": undefined,
    },
  ],
  "overview": "/**
 * This is the overview.
 *
 * @packageDocumentation
 */",
}
`;
