// Jest Snapshot v1, https://goo.gl/fbAQLP

exports[`export-all-as-namespace snapshot 1`] = `
{
  "declarations": {
    "classes": [],
    "enums": [],
    "functions": [],
    "interfaces": [],
    "namespaces": [
      {
        "declarations": {
          "classes": [],
          "enums": [],
          "functions": [],
          "interfaces": [],
          "namespaces": [],
          "typeAliases": [],
          "variables": [
            {
              "docs": [
                "/** Variable foo1 */",
              ],
              "id": "foo.foo1",
              "kind": "VariableDeclaration",
              "name": "foo1",
              "signature": "const foo1: string;",
              "source": {
                "filename": "foo.d.ts",
                "line": 6,
                "unpkgURL": undefined,
                "url": undefined,
              },
              "type": "string",
              "variableKind": "const",
            },
          ],
        },
        "docs": [
          "/**
 * Module Foo
 */",
        ],
        "id": "foo",
        "kind": "NamespaceDeclaration",
        "name": "foo",
        "signature": "module 'foo.d.ts' {}",
        "source": {
          "filename": "foo.d.ts",
          "line": 1,
          "unpkgURL": undefined,
          "url": undefined,
        },
      },
    ],
    "typeAliases": [],
    "variables": [],
  },
  "files": [
    {
      "filename": "foo.d.ts",
      "unpkgURL": undefined,
      "url": undefined,
    },
    {
      "filename": "index.d.ts",
      "isIndexFile": true,
      "unpkgURL": undefined,
      "url": undefined,
    },
  ],
  "overview": undefined,
}
`;
