// Jest Snapshot v1, https://goo.gl/fbAQLP

exports[`export-default-nested-namespaces snapshot 1`] = `
{
  "declarations": {
    "classes": [],
    "enums": [],
    "functions": [],
    "interfaces": [],
    "namespaces": [
      {
        "declarations": {
          "classes": [],
          "enums": [],
          "functions": [
            {
              "docs": [
                "/** fooFunc doc */",
              ],
              "id": "foo.fooFunc",
              "kind": "FunctionDeclaration",
              "name": "fooFunc",
              "signature": "fooFunc: (s: string) => string;",
              "source": {
                "filename": "index.d.ts",
                "line": 10,
                "unpkgURL": undefined,
                "url": undefined,
              },
              "type": "(s: string) => string",
            },
          ],
          "interfaces": [],
          "namespaces": [
            {
              "declarations": {
                "classes": [],
                "enums": [],
                "functions": [
                  {
                    "docs": [
                      "/** foobarFunc doc */",
                    ],
                    "id": "foo.bar.foobarFunc",
                    "kind": "FunctionDeclaration",
                    "name": "foobarFunc",
                    "signature": "foobarFunc: (n: number) => number;",
                    "source": {
                      "filename": "index.d.ts",
                      "line": 16,
                      "unpkgURL": undefined,
                      "url": undefined,
                    },
                    "type": "(n: number) => number",
                  },
                ],
                "interfaces": [],
                "namespaces": [
                  {
                    "declarations": {
                      "classes": [],
                      "enums": [],
                      "functions": [
                        {
                          "docs": [
                            "/** foobarbazFunc doc */",
                          ],
                          "id": "foo.bar.baz.foobarbazFunc",
                          "kind": "FunctionDeclaration",
                          "name": "foobarbazFunc",
                          "signature": "foobarbazFunc: (b: boolean) => boolean;",
                          "source": {
                            "filename": "index.d.ts",
                            "line": 22,
                            "unpkgURL": undefined,
                            "url": undefined,
                          },
                          "type": "(b: boolean) => boolean",
                        },
                      ],
                      "interfaces": [],
                      "namespaces": [
                        {
                          "declarations": {
                            "classes": [],
                            "enums": [],
                            "functions": [],
                            "interfaces": [],
                            "namespaces": [
                              {
                                "declarations": {
                                  "classes": [],
                                  "enums": [],
                                  "functions": [],
                                  "interfaces": [],
                                  "namespaces": [],
                                  "typeAliases": [],
                                  "variables": [],
                                },
                                "docs": [],
                                "id": "foo.bar.baz.qux.xyz",
                                "kind": "NamespaceDeclaration",
                                "name": "foo.bar.baz.qux.xyz",
                                "signature": "namespace foo.bar.baz.qux.xyz {}",
                                "source": {
                                  "filename": "index.d.ts",
                                  "line": 26,
                                  "unpkgURL": undefined,
                                  "url": undefined,
                                },
                              },
                            ],
                            "typeAliases": [],
                            "variables": [],
                          },
                          "docs": [],
                          "id": "foo.bar.baz.qux",
                          "kind": "NamespaceDeclaration",
                          "name": "foo.bar.baz.qux",
                          "signature": "namespace foo.bar.baz.qux {}",
                          "source": {
                            "filename": "index.d.ts",
                            "line": 26,
                            "unpkgURL": undefined,
                            "url": undefined,
                          },
                        },
                      ],
                      "typeAliases": [],
                      "variables": [],
                    },
                    "docs": [],
                    "id": "foo.bar.baz",
                    "kind": "NamespaceDeclaration",
                    "name": "foo.bar.baz",
                    "signature": "namespace foo.bar.baz {}",
                    "source": {
                      "filename": "index.d.ts",
                      "line": 20,
                      "unpkgURL": undefined,
                      "url": undefined,
                    },
                  },
                ],
                "typeAliases": [],
                "variables": [],
              },
              "docs": [],
              "id": "foo.bar",
              "kind": "NamespaceDeclaration",
              "name": "foo.bar",
              "signature": "namespace foo.bar {}",
              "source": {
                "filename": "index.d.ts",
                "line": 14,
                "unpkgURL": undefined,
                "url": undefined,
              },
            },
          ],
          "typeAliases": [],
          "variables": [],
        },
        "docs": [
          "/** foo doc */",
        ],
        "id": "foo",
        "kind": "NamespaceDeclaration",
        "name": "foo",
        "signature": "namespace foo {}",
        "source": {
          "filename": "index.d.ts",
          "line": 8,
          "unpkgURL": undefined,
          "url": undefined,
        },
      },
    ],
    "typeAliases": [],
    "variables": [],
  },
  "files": [
    {
      "filename": "index.d.ts",
      "isIndexFile": true,
      "unpkgURL": undefined,
      "url": undefined,
    },
  ],
  "overview": "/**
 * This is similar to the structure of \`index.d.ts\` for \`firebase@8.2.2\`.
 *
 * @packageDocumentation
 */",
}
`;
