// Jest Snapshot v1, https://goo.gl/fbAQLP

exports[`overloaded-function-with-multiple-docs snapshot 1`] = `
{
  "declarations": {
    "classes": [],
    "enums": [],
    "functions": [
      {
        "docs": [
          "/** (A) number to string */",
          "/** (B) string to number */",
        ],
        "id": "func1",
        "kind": "FunctionDeclaration",
        "name": "func1",
        "signature": "func1: { (a: number): string; (b: string): number };",
        "source": {
          "filename": "index.d.ts",
          "line": 2,
          "unpkgURL": undefined,
          "url": undefined,
        },
        "type": "{ (a: number): string; (b: string): number; }",
      },
    ],
    "interfaces": [],
    "namespaces": [],
    "typeAliases": [],
    "variables": [],
  },
  "files": [
    {
      "filename": "index.d.ts",
      "isIndexFile": true,
      "unpkgURL": undefined,
      "url": undefined,
    },
  ],
  "overview": undefined,
}
`;
